<?xml version="1.0" encoding="utf-8"?><testsuites><testsuite name="pytest" errors="0" failures="0" skipped="0" tests="4" time="9.157" timestamp="2024-07-12T16:45:34.407807" hostname="COL-LT-240626A"><testcase classname="tests.model.test_model.TestModel" name="test_model_fit" time="2.152" /><testcase classname="tests.model.test_model.TestModel" name="test_model_predict" time="0.628" /><testcase classname="tests.model.test_model.TestModel" name="test_model_preprocess_for_serving" time="0.404" /><testcase classname="tests.model.test_model.TestModel" name="test_model_preprocess_for_training" time="0.501" /></testsuite></testsuites>